<T> <k> . </k> <accountID> 1 </accountID> <pc> 4 </pc> <wordStack> 0 : .WordStack </wordStack> <localMem> .Map </localMem> <callStack> .CallStack </callStack> <accounts> <account> <acctID> 1 </acctID> <program> 0 |-> ( PUSH 0 ) 1 |-> ( PUSH 3 ) 2 |-> ( PUSH 4 ) 3 |-> ADDMOD </program> <storage> .Map </storage> <balance> 40 </balance> </account> </accounts> </T>
