tests/tests-develop/VMTests/vmArithmeticTest/arith1.json
tests/tests-develop/VMTests/vmArithmeticTest/addmod3_0.json
tests/tests-develop/VMTests/vmSystemOperationsTest/callstatelessToNameRegistrator0.json
tests/tests-develop/VMTests/vmSystemOperationsTest/callstatelessToNameRegistrator0.json
tests/tests-develop/VMTests/vmSystemOperationsTest/CallRecursiveBomb2.json
tests/tests-develop/VMTests/vmSystemOperationsTest/ABAcallsSuicide0.json
tests/tests-develop/VMTests/vmSystemOperationsTest/CallToNameRegistrator0.json
tests/tests-develop/VMTests/vmSystemOperationsTest/CallToNameRegistratorNotMuchMemory1.json
tests/tests-develop/VMTests/vmSystemOperationsTest/CallToNameRegistratorTooMuchMemory1.json
tests/tests-develop/VMTests/vmSystemOperationsTest/PostToNameRegistrator0.json
tests/tests-develop/VMTests/vmSystemOperationsTest/CallRecursiveBomb0.json
tests/tests-develop/VMTests/vmSystemOperationsTest/CallToNameRegistratorTooMuchMemory2.json
tests/tests-develop/VMTests/vmSystemOperationsTest/callcodeToNameRegistrator0.json
tests/tests-develop/VMTests/vmSystemOperationsTest/CallRecursiveBomb1.json
tests/tests-develop/VMTests/vmSystemOperationsTest/ABAcalls1.json
tests/tests-develop/VMTests/vmSystemOperationsTest/CallToNameRegistratorOutOfGas.json
tests/tests-develop/VMTests/vmSystemOperationsTest/CallToNameRegistratorTooMuchMemory0.json
tests/tests-develop/VMTests/vmSystemOperationsTest/return0.json
tests/tests-develop/VMTests/vmSystemOperationsTest/CallToReturn1.json
tests/tests-develop/VMTests/vmSystemOperationsTest/ABAcalls3.json
