<T> <k> CALL 2 15 0 0 </k> <id> 1 </id> <pc> 8 </pc> <gas> -621 </gas> <wordStack> 90 : .WordStack </wordStack> <localMem> .Map </localMem> <gasPrice> 1 </gasPrice> <callStack> .CallStack </callStack> <accounts> <account> <acctID> 2 </acctID> <program> 0 |-> ( PUSH 30 ) 1 |-> ( PUSH 70 ) 2 |-> SUB </program> <storage> 0 |-> 22 1 |-> 50 2 |-> 70 </storage> <balance> 70 </balance> </account> <account> <acctID> 1 </acctID> <program> 0 |-> ( PUSH 40 ) 1 |-> ( PUSH 50 ) 2 |-> ADD 3 |-> ( PUSH 0 ) 4 |-> ( PUSH 0 ) 5 |-> ( PUSH 15 ) 6 |-> ( PUSH 2 ) 7 |-> CALL </program> <storage> 0 |-> 30 1 |-> 20 2 |-> 25 </storage> <balance> 40 </balance> </account> </accounts> </T>
